V Maldives aerial 0
V atoll aerial 4
V Fiji lagoon 2
V Bora Bora 12
V Seychelles beach 0
V Sri Lanka beach 12
V Kerala backwaters 4
V Kochi Chinese fishing nets 2
V dhow sailing 3
V traditional sailing boat 7
V outrigger canoe 3
V lava flowing into ocean 3
V underwater volcano 5
V plate tectonics animation 6
V Indian Ocean 12
V Arabian Sea 12
V coral polyps 12
V coral spawning 2
V coral time-lapse 12
V sea anemone 12
V plankton 12
V coral reef fish Maldives 0
V Indian flag waving 3
V flag waving 12
V airplane takeoff 12
V airplane landing island 4
V cargo ship 12
V ship at sea 12
V cable laying ship 3
V desalination 8
V water drops slow motion 3
V rain on sea 12
V thunderstorm lightning 12
V cyclone landfall 12
V coconut tree beach 0
V coconut harvest 3
V fish market 12
V fisherman net throwing 2
V pole and line fishing 2
V tuna fishing 12
V sunrise ocean 12
V sunset palm 2
V beach drone sunset 2
V clear water shallow 4
V snorkeling 12
V scuba diving reef 0
V moray eel 12
V hawksbill turtle 12
V stingray 12
V octopus 12
V dancers India 12
V Kolkali 5
V Kerala dance 12
V mosque 12
V Kerala village 8
V Kerala boat 12
V Kochi 12
V Mumbai harbour 0
V Gujarat coast 0
V Oman dhow 1
V wind turbines sea 2
V rising sea level 12
V coastal erosion 12
V flooding coast 12
V ocean heat 12
V satellite sea surface temperature 12
V climate change ocean 12
V glacier melting 12
V tourism beach resort 2
V tourists beach 12
V plastic ocean 12
V mangrove 12
V sea birds colony 11
V tern 12
V frigatebird 8
V noddy tern 6
