V ocean waves 15
V sea waves beach 15
V tropical beach 15
V coconut palm 15
V fishing boat 15
V fishermen 15
V tuna 15
V dhow 0
V sailing ship 15
V lighthouse 15
V sunset sea 15
V underwater coral 15
V sea turtle 15
V manta ray 15
V tropical cyclone 15
V hurricane satellite 15
V aerial island 15
V drone beach 15
V Kerala 15
V India fishing 9
V Kochi 15
V harbor 15
V sailing vessel replica 0
V Indian Navy 15
V ISS timelapse Earth 14
V atoll 15
V lagoon 15
V coral bleaching 9
V school of fish 15
V clouds timelapse 15
V monsoon 15
V rope making 10
V coconut 15
V seaweed 15
V jellyfish 15
V reef fish 15
V dolphin 15
V seagull 15
V palm trees wind 1
V tidal 15
V stormy sea 4
V storm waves 15
V night sky stars timelapse 6
V sailing 15
I Lakshadweep 15
I Kavaratti 15
I Agatti 15
I Minicoy 15
I Kalpeni 15
I Bangaram 15
I Androth 15
I Amini island 0
I Kadmat 9
I Lakshadweep lagoon 11
I Lakshadweep coral 15
I Lakshadweep mosque 1
I Lakshadweep fishing 9
I Lakshadweep island aerial 6
I Arakkal 15
I Tipu Sultan 15
I Portuguese carrack 15
I Kannur fort 15
I Vasco da Gama 15
I Madras Presidency 15
I Indian independence 1947 15
I Sardar Patel 15
I Cheraman Juma Mosque 15
I Ubaid 15
I Kolkali 15
I coir 15
I Minicoy lava dance 0
I Kochi harbour 15
I Lakshadweep ship 15
I Lakshadweep Agatti airport 4
