sea 1 24 24
sea 2 24 24
sea 3 24 24
beach 1 24 8
beach 2 24 7
beach 3 24 10
water 1 30 25
water 2 30 23
water 3 30 27
nature 1 24 15
nature 2 24 10
nature 3 24 14
sunset 1 24 6
sunset 2 24 17
sunset 3 24 18
sky 1 24 7
sky 2 24 11
sky 3 24 21
cloud 1 24 6
cloud 2 24 7
cloud 3 24 20
rain 1 24 1
rain 2 24 20
rain 3 24 24
night 1 23 7
night 2 24 16
night 3 24 21
earth 1 24 19
earth 2 24 24
earth 3 24 24
space 1 24 15
space 2 24 22
space 3 24 21
fish 1 24 18
fish 2 24 24
fish 3 24 24
underwater 1 24 12
underwater 2 24 21
underwater 3 24 21
diving 1 24 19
diving 2 24 21
diving 3 24 24
fishing 1 24 18
fishing 2 24 24
fishing 3 24 24
boat 1 24 14
boat 2 24 22
boat 3 24 23
ship 1 24 7
ship 2 24 0
sailing 1 24 14
sailing 2 24 23
sailing 3 24 21
island 1 24 20
island 2 24 24
island 3 24 24
ocean 1 24 5
ocean 2 24 15
ocean 3 24 14
tropical 1 24 13
tropical 2 24 20
tropical 3 24 22
palm 1 24 7
palm 2 24 11
palm 3 24 24
aerial 1 24 3
aerial 2 23 5
aerial 3 24 8
drone 1 24 10
drone 2 24 23
drone 3 24 24
storm 1 30 18
storm 2 30 29
storm 3 30 29
lightning 1 15 4
lightning 2 15 9
lightning 3 15 13
wave 1 24 3
wave 2 24 7
wave 3 24 15
airplane 1 24 20
airplane 2 24 21
airplane 3 24 24
airport 1 24 11
airport 2 24 12
airport 3 24 24
port 1 30 15
port 2 30 28
port 3 30 30
harbor 1 24 3
harbor 2 24 11
harbor 3 24 20
village 1 24 24
village 2 24 24
village 3 24 23
market 1 24 23
market 2 24 24
market 3 24 23
food 1 24 23
food 2 24 23
food 3 24 23
seafood 1 24 23
seafood 2 13 13
seafood 3 24 0
cooking 1 24 7
cooking 2 24 12
cooking 3 24 23
dance 1 24 17
dance 2 24 19
dance 3 24 24
culture 1 24 22
culture 2 24 24
culture 3 24 24
street 1 24 10
street 2 23 13
street 3 24 23
people 1 24 11
people 2 24 11
people 3 24 16
family 1 30 28
family 2 30 26
family 3 30 19
children 1 24 15
children 2 24 13
children 3 24 13
kids 1 24 2
kids 2 24 0
women 1 24 9
women 2 24 9
women 3 24 13
woman 1 24 1
woman 2 24 0
craft 1 24 23
craft 2 24 24
craft 3 24 24
rope 1 24 24
rope 2 24 24
rope 3 24 24
coconut 1 21 19
coconut 2 21 0
india 1 24 10
india 2 24 17
india 3 10 10
indian 1 24 15
indian 2 24 22
indian 3 24 9
lifestyle 1 24 10
lifestyle 2 24 12
lifestyle 3 24 17
travel 1 24 2
travel 2 24 9
travel 3 24 17
vacation 1 24 8
vacation 2 24 4
vacation 3 24 11
snorkel 1 16 11
snorkel 2 16 0
coral 1 24 0
turtle 1 23 21
turtle 2 24 24
turtle 3 19 19
bird 1 24 14
bird 2 24 20
bird 3 24 22
seagull 1 24 10
seagull 2 24 22
seagull 3 24 19
pier 1 24 13
pier 2 24 19
pier 3 24 22
bridge 1 23 15
bridge 2 24 14
bridge 3 24 23
lighthouse 1 24 24
lighthouse 2 22 21
lighthouse 3 24 0
mosque 1 30 27
mosque 2 30 29
mosque 3 4 4
temple 1 24 23
temple 2 24 24
temple 3 24 24
city 1 24 2
city 2 23 4
city 3 24 3
night-city 1 46 8
night-city 2 46 0
traffic 1 15 4
traffic 2 14 0
hands 1 24 12
hands 2 24 10
hands 3 24 18
map 1 24 12
map 2 24 24
map 3 24 24
globe 1 24 18
globe 2 4 4
globe 3 24 0
technology 1 24 14
technology 2 24 20
technology 3 24 22
internet 1 24 13
internet 2 24 23
internet 3 24 24
cable 1 48 21
cable 2 48 0
server 1 24 8
server 2 24 19
server 3 24 21
data 1 24 15
data 2 24 11
data 3 24 12
network 1 24 12
network 2 24 17
network 3 4 4
wind 1 24 10
wind 2 24 18
wind 3 24 22
clouds 1 30 0
sunrise 1 24 12
sunrise 2 24 17
sunrise 3 24 21
reflection 1 24 4
reflection 2 24 16
reflection 3 24 21
fog 1 24 14
fog 2 24 22
fog 3 24 24
mist 1 24 10
mist 2 24 16
mist 3 24 18
timelapse 1 24 5
timelapse 2 24 1
timelapse 3 24 4
time-lapse 1 24 1
time-lapse 2 24 0
slow-motion 1 24 4
slow-motion 2 24 7
slow-motion 3 24 11
macro 1 24 18
macro 2 24 20
macro 3 24 23
bubbles 1 24 10
bubbles 2 24 15
bubbles 3 24 23
drops 1 48 2
drops 2 48 0
rainfall 1 24 20
rainfall 2 3 2
rainfall 3 24 0
flood 1 21 20
flood 2 21 0
hurricane 1 23 10
hurricane 2 23 0
tide 1 32 12
tide 2 32 0
resort 1 48 24
resort 2 48 0
hotel 1 24 13
hotel 2 24 19
hotel 3 24 22
swimming 1 24 18
swimming 2 24 18
swimming 3 24 19
dock 1 24 10
dock 2 24 17
dock 3 24 23
fisherman 1 38 6
fisherman 2 38 0
net 1 32 14
net 2 32 0
kayak 1 12 6
kayak 2 12 0
canoe 1 12 4
canoe 2 12 0
sail 1 10 4
sail 2 10 0
yacht 1 24 1
yacht 2 24 20
yacht 3 24 20
rock 1 24 18
rock 2 24 14
rock 3 24 20
cliff 1 48 22
cliff 2 48 0
sand 1 24 10
sand 2 24 10
sand 3 24 20
footprints 1 48 16
footprints 2 48 0
walking 1 24 6
walking 2 24 10
walking 3 24 20
child 1 15 0
old-man 1 30 29
old-man 2 30 30
old-man 3 30 30
elderly 1 24 13
elderly 2 24 19
elderly 3 24 20
portrait 1 24 13
portrait 2 24 10
portrait 3 24 19
smile 1 24 10
smile 2 24 6
smile 3 24 10
TOTAL 4464
